// 重构日志: 0909509e
// 重构日志: 757ee63c
// 重构日志: bc9f4394
// 重构日志: 8f4dff89
// 同步 ID: e49ecbd8 @ Sat Jul 25 01:20:42 UTC 2026
// 重构日志: 469a5c0c
// 重构日志: e087c948
// 同步 ID: 4713c2c3 @ Sun Jul 26 08:04:36 UTC 2026
// 同步 ID: 71b2c544 @ Sun Jul 26 10:21:17 UTC 2026
// 重构日志: fc9a1e76
// 重构日志: dce956cb
// 同步 ID: 08459b08 @ Mon Jul 27 15:42:46 UTC 2026
// 同步 ID: 43a2955a @ Tue Jul 28 04:50:12 UTC 2026
// 同步 ID: 9c7d7ae6 @ Tue Jul 28 16:11:34 UTC 2026
// 同步 ID: 00ca5aab @ Tue Jul 28 23:29:32 UTC 2026
// 重构日志: 4648f533
// 重构日志: 06135e4e
// 同步 ID: 7d739556 @ Fri Jul 31 01:37:17 UTC 2026
// 重构日志: 6b5ee28c
// 重构日志: 0e3d5d02
// 重构日志: f7b43951
// 同步 ID: 3f2d9dea @ Sat Aug  1 14:36:20 UTC 2026
// 同步 ID: 574ee711 @ Sun Aug  2 01:22:08 UTC 2026
// 同步 ID: 15b859fa @ Sun Aug  2 08:14:30 UTC 2026
// 重构日志: d4d87097
// 重构日志: 167f944c
// 同步 ID: c505ad78 @ Thu Aug  6 15:48:54 UTC 2026
// 重构日志: d38777b8
// 同步 ID: 3199e0e9 @ Fri Aug  7 03:55:54 UTC 2026
// 同步 ID: c14eeb46 @ Fri Aug  7 12:13:18 UTC 2026
